Component: ARM Compiler 5.06 update 6 (build 750) Tool: armlink [4d35ed]

==============================================================================

Section Cross References

    startup_stm32f10x_hd.o(RESET) refers to startup_stm32f10x_hd.o(.text) for Reset_Handler
    startup_stm32f10x_hd.o(RESET) refers to stm32f10x_it.o(.text) for NMI_Handler
    startup_stm32f10x_hd.o(RESET) refers to port.o(.emb_text) for SVC_Handler
    startup_stm32f10x_hd.o(RESET) refers to port.o(.text) for SysTick_Handler
    startup_stm32f10x_hd.o(.text) refers to startup_stm32f10x_hd.o(STACK) for __initial_sp
    startup_stm32f10x_hd.o(.text) refers to entry.o(.ARM.Collect$$$$00000000) for __main
    main.o(.text) refers to system_stm32f10x.o(.text) for SystemInit
    main.o(.text) refers to led.o(.text) for LED_GPIO_Config
    main.o(.text) refers to usart1.o(.text) for USART1_Config
    main.o(.text) refers to tasks.o(.text) for xTaskCreate
    main.o(.text) refers to main.o(.data) for user_task1_handler
    main.o(.text) refers to user_task.o(.text) for user_task1
    led.o(.text) refers to stm32f10x_rcc.o(.text) for RCC_APB2PeriphClockCmd
    led.o(.text) refers to stm32f10x_gpio.o(.text) for GPIO_Init
    user_task.o(.text) refers to stm32f10x_gpio.o(.text) for GPIO_ResetBits
    user_task.o(.text) refers to tasks.o(.text) for vTaskDelay
    user_task.o(.text) refers to printfb.o(i.__0printf$bare) for __2printf
    usart1.o(.text) refers to stm32f10x_rcc.o(.text) for RCC_APB2PeriphClockCmd
    usart1.o(.text) refers to stm32f10x_gpio.o(.text) for GPIO_Init
    usart1.o(.text) refers to stm32f10x_usart.o(.text) for USART_Init
    stm32f10x_gpio.o(.text) refers to stm32f10x_rcc.o(.text) for RCC_APB2PeriphResetCmd
    stm32f10x_rcc.o(.text) refers to stm32f10x_rcc.o(.data) for APBAHBPrescTable
    stm32f10x_usart.o(.text) refers to stm32f10x_rcc.o(.text) for RCC_APB2PeriphResetCmd
    event_groups.o(.text) refers to heap_2.o(.text) for pvPortMalloc
    event_groups.o(.text) refers to list.o(.text) for vListInitialise
    event_groups.o(.text) refers to tasks.o(.text) for vTaskSuspendAll
    event_groups.o(.text) refers to port.o(.text) for vPortEnterCritical
    queue.o(.text) refers to port.o(.text) for vPortEnterCritical
    queue.o(.text) refers to tasks.o(.text) for xTaskRemoveFromEventList
    queue.o(.text) refers to list.o(.text) for vListInitialise
    queue.o(.text) refers to heap_2.o(.text) for pvPortMalloc
    queue.o(.text) refers to memcpya.o(.text) for __aeabi_memcpy
    stream_buffer.o(.text) refers to memseta.o(.text) for __aeabi_memclr4
    stream_buffer.o(.text) refers to heap_2.o(.text) for pvPortMalloc
    stream_buffer.o(.text) refers to port.o(.text) for vPortEnterCritical
    stream_buffer.o(.text) refers to memcpya.o(.text) for __aeabi_memcpy
    stream_buffer.o(.text) refers to tasks.o(.text) for vTaskSetTimeOutState
    tasks.o(.text) refers to list.o(.text) for vListInitialise
    tasks.o(.text) refers to port.o(.text) for vPortEnterCritical
    tasks.o(.text) refers to heap_2.o(.text) for pvPortMalloc
    tasks.o(.text) refers to tasks.o(.bss) for pxReadyTasksLists
    tasks.o(.text) refers to tasks.o(.data) for pxDelayedTaskList
    port.o(.emb_text) refers to tasks.o(.text) for vTaskSwitchContext
    port.o(.emb_text) refers to tasks.o(.data) for pxCurrentTCB
    port.o(.text) refers to port.o(.emb_text) for __asm___6_port_c_39a90d8d__prvStartFirstTask
    port.o(.text) refers to tasks.o(.text) for xTaskIncrementTick
    port.o(.text) refers to port.o(.data) for uxCriticalNesting
    heap_2.o(.text) refers to tasks.o(.text) for vTaskSuspendAll
    heap_2.o(.text) refers to heap_2.o(.bss) for ucHeap
    heap_2.o(.text) refers to heap_2.o(.data) for xStart
    entry.o(.ARM.Collect$$$$00000000) refers (Special) to entry10a.o(.ARM.Collect$$$$0000000D) for __rt_final_cpp
    entry.o(.ARM.Collect$$$$00000000) refers (Special) to entry11a.o(.ARM.Collect$$$$0000000F) for __rt_final_exit
    entry.o(.ARM.Collect$$$$00000000) refers (Special) to entry7b.o(.ARM.Collect$$$$00000008) for _main_clock
    entry.o(.ARM.Collect$$$$00000000) refers (Special) to entry8b.o(.ARM.Collect$$$$0000000A) for _main_cpp_init
    entry.o(.ARM.Collect$$$$00000000) refers (Special) to entry9a.o(.ARM.Collect$$$$0000000B) for _main_init
    entry.o(.ARM.Collect$$$$00000000) refers (Special) to entry5.o(.ARM.Collect$$$$00000004) for _main_scatterload
    entry.o(.ARM.Collect$$$$00000000) refers (Special) to entry2.o(.ARM.Collect$$$$00000001) for _main_stk
    printfb.o(i.__0fprintf$bare) refers to printfb.o(i._printf_core) for _printf_core
    printfb.o(i.__0fprintf$bare) refers to usart1.o(.text) for fputc
    printfb.o(i.__0printf$bare) refers to printfb.o(i._printf_core) for _printf_core
    printfb.o(i.__0printf$bare) refers to usart1.o(.text) for fputc
    printfb.o(i.__0printf$bare) refers to stdout.o(.data) for __stdout
    printfb.o(i.__0snprintf$bare) refers to printfb.o(i._printf_core) for _printf_core
    printfb.o(i.__0snprintf$bare) refers to printfb.o(i._snputc) for _snputc
    printfb.o(i.__0sprintf$bare) refers to printfb.o(i._printf_core) for _printf_core
    printfb.o(i.__0sprintf$bare) refers to printfb.o(i._sputc) for _sputc
    printfb.o(i.__0vfprintf$bare) refers to printfb.o(i._printf_core) for _printf_core
    printfb.o(i.__0vfprintf$bare) refers to usart1.o(.text) for fputc
    printfb.o(i.__0vprintf$bare) refers to printfb.o(i._printf_core) for _printf_core
    printfb.o(i.__0vprintf$bare) refers to usart1.o(.text) for fputc
    printfb.o(i.__0vprintf$bare) refers to stdout.o(.data) for __stdout
    printfb.o(i.__0vsnprintf$bare) refers to printfb.o(i._printf_core) for _printf_core
    printfb.o(i.__0vsnprintf$bare) refers to printfb.o(i._snputc) for _snputc
    printfb.o(i.__0vsprintf$bare) refers to printfb.o(i._printf_core) for _printf_core
    printfb.o(i.__0vsprintf$bare) refers to printfb.o(i._sputc) for _sputc
    printf0.o(i.__0fprintf$0) refers to printf0.o(i._printf_core) for _printf_core
    printf0.o(i.__0fprintf$0) refers to usart1.o(.text) for fputc
    printf0.o(i.__0printf$0) refers to printf0.o(i._printf_core) for _printf_core
    printf0.o(i.__0printf$0) refers to usart1.o(.text) for fputc
    printf0.o(i.__0printf$0) refers to stdout.o(.data) for __stdout
    printf0.o(i.__0snprintf$0) refers to printf0.o(i._printf_core) for _printf_core
    printf0.o(i.__0snprintf$0) refers to printf0.o(i._snputc) for _snputc
    printf0.o(i.__0sprintf$0) refers to printf0.o(i._printf_core) for _printf_core
    printf0.o(i.__0sprintf$0) refers to printf0.o(i._sputc) for _sputc
    printf0.o(i.__0vfprintf$0) refers to printf0.o(i._printf_core) for _printf_core
    printf0.o(i.__0vfprintf$0) refers to usart1.o(.text) for fputc
    printf0.o(i.__0vprintf$0) refers to printf0.o(i._printf_core) for _printf_core
    printf0.o(i.__0vprintf$0) refers to usart1.o(.text) for fputc
    printf0.o(i.__0vprintf$0) refers to stdout.o(.data) for __stdout
    printf0.o(i.__0vsnprintf$0) refers to printf0.o(i._printf_core) for _printf_core
    printf0.o(i.__0vsnprintf$0) refers to printf0.o(i._snputc) for _snputc
    printf0.o(i.__0vsprintf$0) refers to printf0.o(i._printf_core) for _printf_core
    printf0.o(i.__0vsprintf$0) refers to printf0.o(i._sputc) for _sputc
    printf1.o(i.__0fprintf$1) refers to printf1.o(i._printf_core) for _printf_core
    printf1.o(i.__0fprintf$1) refers to usart1.o(.text) for fputc
    printf1.o(i.__0printf$1) refers to printf1.o(i._printf_core) for _printf_core
    printf1.o(i.__0printf$1) refers to usart1.o(.text) for fputc
    printf1.o(i.__0printf$1) refers to stdout.o(.data) for __stdout
    printf1.o(i.__0snprintf$1) refers to printf1.o(i._printf_core) for _printf_core
    printf1.o(i.__0snprintf$1) refers to printf1.o(i._snputc) for _snputc
    printf1.o(i.__0sprintf$1) refers to printf1.o(i._printf_core) for _printf_core
    printf1.o(i.__0sprintf$1) refers to printf1.o(i._sputc) for _sputc
    printf1.o(i.__0vfprintf$1) refers to printf1.o(i._printf_core) for _printf_core
    printf1.o(i.__0vfprintf$1) refers to usart1.o(.text) for fputc
    printf1.o(i.__0vprintf$1) refers to printf1.o(i._printf_core) for _printf_core
    printf1.o(i.__0vprintf$1) refers to usart1.o(.text) for fputc
    printf1.o(i.__0vprintf$1) refers to stdout.o(.data) for __stdout
    printf1.o(i.__0vsnprintf$1) refers to printf1.o(i._printf_core) for _printf_core
    printf1.o(i.__0vsnprintf$1) refers to printf1.o(i._snputc) for _snputc
    printf1.o(i.__0vsprintf$1) refers to printf1.o(i._printf_core) for _printf_core
    printf1.o(i.__0vsprintf$1) refers to printf1.o(i._sputc) for _sputc
    printf1.o(i._printf_core) refers to uidiv.o(.text) for __aeabi_uidivmod
    printf2.o(i.__0fprintf$2) refers to printf2.o(i._printf_core) for _printf_core
    printf2.o(i.__0fprintf$2) refers to usart1.o(.text) for fputc
    printf2.o(i.__0printf$2) refers to printf2.o(i._printf_core) for _printf_core
    printf2.o(i.__0printf$2) refers to usart1.o(.text) for fputc
    printf2.o(i.__0printf$2) refers to stdout.o(.data) for __stdout
    printf2.o(i.__0snprintf$2) refers to printf2.o(i._printf_core) for _printf_core
    printf2.o(i.__0snprintf$2) refers to printf2.o(i._snputc) for _snputc
    printf2.o(i.__0sprintf$2) refers to printf2.o(i._printf_core) for _printf_core
    printf2.o(i.__0sprintf$2) refers to printf2.o(i._sputc) for _sputc
    printf2.o(i.__0vfprintf$2) refers to printf2.o(i._printf_core) for _printf_core
    printf2.o(i.__0vfprintf$2) refers to usart1.o(.text) for fputc
    printf2.o(i.__0vprintf$2) refers to printf2.o(i._printf_core) for _printf_core
    printf2.o(i.__0vprintf$2) refers to usart1.o(.text) for fputc
    printf2.o(i.__0vprintf$2) refers to stdout.o(.data) for __stdout
    printf2.o(i.__0vsnprintf$2) refers to printf2.o(i._printf_core) for _printf_core
    printf2.o(i.__0vsnprintf$2) refers to printf2.o(i._snputc) for _snputc
    printf2.o(i.__0vsprintf$2) refers to printf2.o(i._printf_core) for _printf_core
    printf2.o(i.__0vsprintf$2) refers to printf2.o(i._sputc) for _sputc
    printf3.o(i.__0fprintf$3) refers to printf3.o(i._printf_core) for _printf_core
    printf3.o(i.__0fprintf$3) refers to usart1.o(.text) for fputc
    printf3.o(i.__0printf$3) refers to printf3.o(i._printf_core) for _printf_core
    printf3.o(i.__0printf$3) refers to usart1.o(.text) for fputc
    printf3.o(i.__0printf$3) refers to stdout.o(.data) for __stdout
    printf3.o(i.__0snprintf$3) refers to printf3.o(i._printf_core) for _printf_core
    printf3.o(i.__0snprintf$3) refers to printf3.o(i._snputc) for _snputc
    printf3.o(i.__0sprintf$3) refers to printf3.o(i._printf_core) for _printf_core
    printf3.o(i.__0sprintf$3) refers to printf3.o(i._sputc) for _sputc
    printf3.o(i.__0vfprintf$3) refers to printf3.o(i._printf_core) for _printf_core
    printf3.o(i.__0vfprintf$3) refers to usart1.o(.text) for fputc
    printf3.o(i.__0vprintf$3) refers to printf3.o(i._printf_core) for _printf_core
    printf3.o(i.__0vprintf$3) refers to usart1.o(.text) for fputc
    printf3.o(i.__0vprintf$3) refers to stdout.o(.data) for __stdout
    printf3.o(i.__0vsnprintf$3) refers to printf3.o(i._printf_core) for _printf_core
    printf3.o(i.__0vsnprintf$3) refers to printf3.o(i._snputc) for _snputc
    printf3.o(i.__0vsprintf$3) refers to printf3.o(i._printf_core) for _printf_core
    printf3.o(i.__0vsprintf$3) refers to printf3.o(i._sputc) for _sputc
    printf3.o(i._printf_core) refers to uidiv.o(.text) for __aeabi_uidivmod
    printf4.o(i.__0fprintf$4) refers to printf4.o(i._printf_core) for _printf_core
    printf4.o(i.__0fprintf$4) refers to usart1.o(.text) for fputc
    printf4.o(i.__0printf$4) refers to printf4.o(i._printf_core) for _printf_core
    printf4.o(i.__0printf$4) refers to usart1.o(.text) for fputc
    printf4.o(i.__0printf$4) refers to stdout.o(.data) for __stdout
    printf4.o(i.__0snprintf$4) refers to printf4.o(i._printf_core) for _printf_core
    printf4.o(i.__0snprintf$4) refers to printf4.o(i._snputc) for _snputc
    printf4.o(i.__0sprintf$4) refers to printf4.o(i._printf_core) for _printf_core
    printf4.o(i.__0sprintf$4) refers to printf4.o(i._sputc) for _sputc
    printf4.o(i.__0vfprintf$4) refers to printf4.o(i._printf_core) for _printf_core
    printf4.o(i.__0vfprintf$4) refers to usart1.o(.text) for fputc
    printf4.o(i.__0vprintf$4) refers to printf4.o(i._printf_core) for _printf_core
    printf4.o(i.__0vprintf$4) refers to usart1.o(.text) for fputc
    printf4.o(i.__0vprintf$4) refers to stdout.o(.data) for __stdout
    printf4.o(i.__0vsnprintf$4) refers to printf4.o(i._printf_core) for _printf_core
    printf4.o(i.__0vsnprintf$4) refers to printf4.o(i._snputc) for _snputc
    printf4.o(i.__0vsprintf$4) refers to printf4.o(i._printf_core) for _printf_core
    printf4.o(i.__0vsprintf$4) refers to printf4.o(i._sputc) for _sputc
    printf4.o(i._printf_core) refers to uldiv.o(.text) for __aeabi_uldivmod
    printf5.o(i.__0fprintf$5) refers to printf5.o(i._printf_core) for _printf_core
    printf5.o(i.__0fprintf$5) refers to usart1.o(.text) for fputc
    printf5.o(i.__0printf$5) refers to printf5.o(i._printf_core) for _printf_core
    printf5.o(i.__0printf$5) refers to usart1.o(.text) for fputc
    printf5.o(i.__0printf$5) refers to stdout.o(.data) for __stdout
    printf5.o(i.__0snprintf$5) refers to printf5.o(i._printf_core) for _printf_core
    printf5.o(i.__0snprintf$5) refers to printf5.o(i._snputc) for _snputc
    printf5.o(i.__0sprintf$5) refers to printf5.o(i._printf_core) for _printf_core
    printf5.o(i.__0sprintf$5) refers to printf5.o(i._sputc) for _sputc
    printf5.o(i.__0vfprintf$5) refers to printf5.o(i._printf_core) for _printf_core
    printf5.o(i.__0vfprintf$5) refers to usart1.o(.text) for fputc
    printf5.o(i.__0vprintf$5) refers to printf5.o(i._printf_core) for _printf_core
    printf5.o(i.__0vprintf$5) refers to usart1.o(.text) for fputc
    printf5.o(i.__0vprintf$5) refers to stdout.o(.data) for __stdout
    printf5.o(i.__0vsnprintf$5) refers to printf5.o(i._printf_core) for _printf_core
    printf5.o(i.__0vsnprintf$5) refers to printf5.o(i._snputc) for _snputc
    printf5.o(i.__0vsprintf$5) refers to printf5.o(i._printf_core) for _printf_core
    printf5.o(i.__0vsprintf$5) refers to printf5.o(i._sputc) for _sputc
    printf5.o(i._printf_core) refers to uldiv.o(.text) for __aeabi_uldivmod
    printf6.o(i.__0fprintf$6) refers to printf6.o(i._printf_core) for _printf_core
    printf6.o(i.__0fprintf$6) refers to usart1.o(.text) for fputc
    printf6.o(i.__0printf$6) refers to printf6.o(i._printf_core) for _printf_core
    printf6.o(i.__0printf$6) refers to usart1.o(.text) for fputc
    printf6.o(i.__0printf$6) refers to stdout.o(.data) for __stdout
    printf6.o(i.__0snprintf$6) refers to printf6.o(i._printf_core) for _printf_core
    printf6.o(i.__0snprintf$6) refers to printf6.o(i._snputc) for _snputc
    printf6.o(i.__0sprintf$6) refers to printf6.o(i._printf_core) for _printf_core
    printf6.o(i.__0sprintf$6) refers to printf6.o(i._sputc) for _sputc
    printf6.o(i.__0vfprintf$6) refers to printf6.o(i._printf_core) for _printf_core
    printf6.o(i.__0vfprintf$6) refers to usart1.o(.text) for fputc
    printf6.o(i.__0vprintf$6) refers to printf6.o(i._printf_core) for _printf_core
    printf6.o(i.__0vprintf$6) refers to usart1.o(.text) for fputc
    printf6.o(i.__0vprintf$6) refers to stdout.o(.data) for __stdout
    printf6.o(i.__0vsnprintf$6) refers to printf6.o(i._printf_core) for _printf_core
    printf6.o(i.__0vsnprintf$6) refers to printf6.o(i._snputc) for _snputc
    printf6.o(i.__0vsprintf$6) refers to printf6.o(i._printf_core) for _printf_core
    printf6.o(i.__0vsprintf$6) refers to printf6.o(i._sputc) for _sputc
    printf6.o(i._printf_core) refers to printf6.o(i._printf_pre_padding) for _printf_pre_padding
    printf6.o(i._printf_core) refers to uidiv.o(.text) for __aeabi_uidivmod
    printf6.o(i._printf_core) refers to printf6.o(i._printf_post_padding) for _printf_post_padding
    printf7.o(i.__0fprintf$7) refers to printf7.o(i._printf_core) for _printf_core
    printf7.o(i.__0fprintf$7) refers to usart1.o(.text) for fputc
    printf7.o(i.__0printf$7) refers to printf7.o(i._printf_core) for _printf_core
    printf7.o(i.__0printf$7) refers to usart1.o(.text) for fputc
    printf7.o(i.__0printf$7) refers to stdout.o(.data) for __stdout
    printf7.o(i.__0snprintf$7) refers to printf7.o(i._printf_core) for _printf_core
    printf7.o(i.__0snprintf$7) refers to printf7.o(i._snputc) for _snputc
    printf7.o(i.__0sprintf$7) refers to printf7.o(i._printf_core) for _printf_core
    printf7.o(i.__0sprintf$7) refers to printf7.o(i._sputc) for _sputc
    printf7.o(i.__0vfprintf$7) refers to printf7.o(i._printf_core) for _printf_core
    printf7.o(i.__0vfprintf$7) refers to usart1.o(.text) for fputc
    printf7.o(i.__0vprintf$7) refers to printf7.o(i._printf_core) for _printf_core
    printf7.o(i.__0vprintf$7) refers to usart1.o(.text) for fputc
    printf7.o(i.__0vprintf$7) refers to stdout.o(.data) for __stdout
    printf7.o(i.__0vsnprintf$7) refers to printf7.o(i._printf_core) for _printf_core
    printf7.o(i.__0vsnprintf$7) refers to printf7.o(i._snputc) for _snputc
    printf7.o(i.__0vsprintf$7) refers to printf7.o(i._printf_core) for _printf_core
    printf7.o(i.__0vsprintf$7) refers to printf7.o(i._sputc) for _sputc
    printf7.o(i._printf_core) refers to printf7.o(i._printf_pre_padding) for _printf_pre_padding
    printf7.o(i._printf_core) refers to uldiv.o(.text) for __aeabi_uldivmod
    printf7.o(i._printf_core) refers to printf7.o(i._printf_post_padding) for _printf_post_padding
    printf8.o(i.__0fprintf$8) refers to printf8.o(i._printf_core) for _printf_core
    printf8.o(i.__0fprintf$8) refers to usart1.o(.text) for fputc
    printf8.o(i.__0printf$8) refers to printf8.o(i._printf_core) for _printf_core
    printf8.o(i.__0printf$8) refers to usart1.o(.text) for fputc
    printf8.o(i.__0printf$8) refers to stdout.o(.data) for __stdout
    printf8.o(i.__0snprintf$8) refers to printf8.o(i._printf_core) for _printf_core
    printf8.o(i.__0snprintf$8) refers to printf8.o(i._snputc) for _snputc
    printf8.o(i.__0sprintf$8) refers to printf8.o(i._printf_core) for _printf_core
    printf8.o(i.__0sprintf$8) refers to printf8.o(i._sputc) for _sputc
    printf8.o(i.__0vfprintf$8) refers to printf8.o(i._printf_core) for _printf_core
    printf8.o(i.__0vfprintf$8) refers to usart1.o(.text) for fputc
    printf8.o(i.__0vprintf$8) refers to printf8.o(i._printf_core) for _printf_core
    printf8.o(i.__0vprintf$8) refers to usart1.o(.text) for fputc
    printf8.o(i.__0vprintf$8) refers to stdout.o(.data) for __stdout
    printf8.o(i.__0vsnprintf$8) refers to printf8.o(i._printf_core) for _printf_core
    printf8.o(i.__0vsnprintf$8) refers to printf8.o(i._snputc) for _snputc
    printf8.o(i.__0vsprintf$8) refers to printf8.o(i._printf_core) for _printf_core
    printf8.o(i.__0vsprintf$8) refers to printf8.o(i._sputc) for _sputc
    printf8.o(i._printf_core) refers to printf8.o(i._printf_pre_padding) for _printf_pre_padding
    printf8.o(i._printf_core) refers to uldiv.o(.text) for __aeabi_uldivmod
    printf8.o(i._printf_core) refers to printf8.o(i._printf_post_padding) for _printf_post_padding
    printfa.o(i.__0fprintf) refers (Special) to iusefp.o(.text) for __I$use$fp
    printfa.o(i.__0fprintf) refers to printfa.o(i._printf_core) for _printf_core
    printfa.o(i.__0fprintf) refers to usart1.o(.text) for fputc
    printfa.o(i.__0printf) refers (Special) to iusefp.o(.text) for __I$use$fp
    printfa.o(i.__0printf) refers to printfa.o(i._printf_core) for _printf_core
    printfa.o(i.__0printf) refers to usart1.o(.text) for fputc
    printfa.o(i.__0printf) refers to stdout.o(.data) for __stdout
    printfa.o(i.__0snprintf) refers (Special) to iusefp.o(.text) for __I$use$fp
    printfa.o(i.__0snprintf) refers to printfa.o(i._printf_core) for _printf_core
    printfa.o(i.__0snprintf) refers to printfa.o(i._snputc) for _snputc
    printfa.o(i.__0sprintf) refers (Special) to iusefp.o(.text) for __I$use$fp
    printfa.o(i.__0sprintf) refers to printfa.o(i._printf_core) for _printf_core
    printfa.o(i.__0sprintf) refers to printfa.o(i._sputc) for _sputc
    printfa.o(i.__0vfprintf) refers (Special) to iusefp.o(.text) for __I$use$fp
    printfa.o(i.__0vfprintf) refers to printfa.o(i._printf_core) for _printf_core
    printfa.o(i.__0vfprintf) refers to usart1.o(.text) for fputc
    printfa.o(i.__0vprintf) refers (Special) to iusefp.o(.text) for __I$use$fp
    printfa.o(i.__0vprintf) refers to printfa.o(i._printf_core) for _printf_core
    printfa.o(i.__0vprintf) refers to usart1.o(.text) for fputc
    printfa.o(i.__0vprintf) refers to stdout.o(.data) for __stdout
    printfa.o(i.__0vsnprintf) refers (Special) to iusefp.o(.text) for __I$use$fp
    printfa.o(i.__0vsnprintf) refers to printfa.o(i._printf_core) for _printf_core
    printfa.o(i.__0vsnprintf) refers to printfa.o(i._snputc) for _snputc
    printfa.o(i.__0vsprintf) refers (Special) to iusefp.o(.text) for __I$use$fp
    printfa.o(i.__0vsprintf) refers to printfa.o(i._printf_core) for _printf_core
    printfa.o(i.__0vsprintf) refers to printfa.o(i._sputc) for _sputc
    printfa.o(i._fp_digits) refers (Special) to iusefp.o(.text) for __I$use$fp
    printfa.o(i._fp_digits) refers to dmul.o(.text) for __aeabi_dmul
    printfa.o(i._fp_digits) refers to ddiv.o(.text) for __aeabi_ddiv
    printfa.o(i._fp_digits) refers to cdrcmple.o(.text) for __aeabi_cdrcmple
    printfa.o(i._fp_digits) refers to dadd.o(.text) for __aeabi_dadd
    printfa.o(i._fp_digits) refers to dfixul.o(.text) for __aeabi_d2ulz
    printfa.o(i._fp_digits) refers to uldiv.o(.text) for __aeabi_uldivmod
    printfa.o(i._printf_core) refers (Special) to iusefp.o(.text) for __I$use$fp
    printfa.o(i._printf_core) refers to printfa.o(i._printf_pre_padding) for _printf_pre_padding
    printfa.o(i._printf_core) refers to uldiv.o(.text) for __aeabi_uldivmod
    printfa.o(i._printf_core) refers to printfa.o(i._printf_post_padding) for _printf_post_padding
    printfa.o(i._printf_core) refers to printfa.o(i._fp_digits) for _fp_digits
    printfa.o(i._printf_core) refers to uidiv.o(.text) for __aeabi_uidivmod
    printfa.o(i._printf_post_padding) refers (Special) to iusefp.o(.text) for __I$use$fp
    printfa.o(i._printf_pre_padding) refers (Special) to iusefp.o(.text) for __I$use$fp
    printfa.o(i._snputc) refers (Special) to iusefp.o(.text) for __I$use$fp
    printfa.o(i._sputc) refers (Special) to iusefp.o(.text) for __I$use$fp
    entry2.o(.ARM.Collect$$$$00000001) refers to entry2.o(.ARM.Collect$$$$00002712) for __lit__00000000
    entry2.o(.ARM.Collect$$$$00002712) refers to startup_stm32f10x_hd.o(STACK) for __initial_sp
    entry2.o(__vectab_stack_and_reset_area) refers to startup_stm32f10x_hd.o(STACK) for __initial_sp
    entry2.o(__vectab_stack_and_reset_area) refers to entry.o(.ARM.Collect$$$$00000000) for __main
    entry5.o(.ARM.Collect$$$$00000004) refers to init.o(.text) for __scatterload
    entry9a.o(.ARM.Collect$$$$0000000B) refers to main.o(.text) for main
    entry9b.o(.ARM.Collect$$$$0000000C) refers to main.o(.text) for main
    uldiv.o(.text) refers to llushr.o(.text) for __aeabi_llsr
    uldiv.o(.text) refers to llshl.o(.text) for __aeabi_llsl
    dadd.o(.text) refers to llshl.o(.text) for __aeabi_llsl
    dadd.o(.text) refers to llsshr.o(.text) for __aeabi_lasr
    dadd.o(.text) refers to depilogue.o(.text) for _double_epilogue
    dmul.o(.text) refers to depilogue.o(.text) for _double_epilogue
    ddiv.o(.text) refers to depilogue.o(.text) for _double_round
    dfixul.o(.text) refers to llushr.o(.text) for __aeabi_llsr
    dfixul.o(.text) refers to llshl.o(.text) for __aeabi_llsl
    init.o(.text) refers to entry5.o(.ARM.Collect$$$$00000004) for __main_after_scatterload
    depilogue.o(.text) refers to llshl.o(.text) for __aeabi_llsl
    depilogue.o(.text) refers to llushr.o(.text) for __aeabi_llsr


==============================================================================

Removing Unused input sections from the image.

    Removing startup_stm32f10x_hd.o(HEAP), (0 bytes).
    Removing core_cm3.o(.emb_text), (32 bytes).
    Removing system_stm32f10x.o(.constdata), (20 bytes).
    Removing event_groups.o(.text), (716 bytes).
    Removing queue.o(.text), (2148 bytes).
    Removing stream_buffer.o(.text), (1516 bytes).
    Removing dadd.o(.text), (334 bytes).
    Removing dmul.o(.text), (228 bytes).
    Removing ddiv.o(.text), (222 bytes).
    Removing dfixul.o(.text), (48 bytes).
    Removing cdrcmple.o(.text), (48 bytes).
    Removing depilogue.o(.text), (186 bytes).

12 unused section(s) (total 5498 bytes) removed from the image.

==============================================================================

Image Symbol Table

    Local Symbols

    Symbol Name                              Value     Ov Type        Size  Object(Section)

    ../clib/microlib/division.c              0x00000000   Number         0  uidiv.o ABSOLUTE
    ../clib/microlib/division.c              0x00000000   Number         0  uldiv.o ABSOLUTE
    ../clib/microlib/init/entry.s            0x00000000   Number         0  entry8b.o ABSOLUTE
    ../clib/microlib/init/entry.s            0x00000000   Number         0  entry9b.o ABSOLUTE
    ../clib/microlib/init/entry.s            0x00000000   Number         0  entry.o ABSOLUTE
    ../clib/microlib/init/entry.s            0x00000000   Number         0  entry9a.o ABSOLUTE
    ../clib/microlib/init/entry.s            0x00000000   Number         0  entry7b.o ABSOLUTE
    ../clib/microlib/init/entry.s            0x00000000   Number         0  entry5.o ABSOLUTE
    ../clib/microlib/init/entry.s            0x00000000   Number         0  entry7a.o ABSOLUTE
    ../clib/microlib/init/entry.s            0x00000000   Number         0  entry11b.o ABSOLUTE
    ../clib/microlib/init/entry.s            0x00000000   Number         0  entry8a.o ABSOLUTE
    ../clib/microlib/init/entry.s            0x00000000   Number         0  entry11a.o ABSOLUTE
    ../clib/microlib/init/entry.s            0x00000000   Number         0  entry10b.o ABSOLUTE
    ../clib/microlib/init/entry.s            0x00000000   Number         0  entry10a.o ABSOLUTE
    ../clib/microlib/init/entry.s            0x00000000   Number         0  entry2.o ABSOLUTE
    ../clib/microlib/longlong.c              0x00000000   Number         0  llshl.o ABSOLUTE
    ../clib/microlib/longlong.c              0x00000000   Number         0  llushr.o ABSOLUTE
    ../clib/microlib/longlong.c              0x00000000   Number         0  llsshr.o ABSOLUTE
    ../clib/microlib/printf/printf.c         0x00000000   Number         0  printfa.o ABSOLUTE
    ../clib/microlib/printf/printf.c         0x00000000   Number         0  printf8.o ABSOLUTE
    ../clib/microlib/printf/printf.c         0x00000000   Number         0  printf7.o ABSOLUTE
    ../clib/microlib/printf/printf.c         0x00000000   Number         0  printf6.o ABSOLUTE
    ../clib/microlib/printf/printf.c         0x00000000   Number         0  printf5.o ABSOLUTE
    ../clib/microlib/printf/printf.c         0x00000000   Number         0  printf4.o ABSOLUTE
    ../clib/microlib/printf/printf.c         0x00000000   Number         0  printf3.o ABSOLUTE
    ../clib/microlib/printf/printf.c         0x00000000   Number         0  printf2.o ABSOLUTE
    ../clib/microlib/printf/printf.c         0x00000000   Number         0  printf1.o ABSOLUTE
    ../clib/microlib/printf/printf.c         0x00000000   Number         0  printf0.o ABSOLUTE
    ../clib/microlib/printf/printf.c         0x00000000   Number         0  printfb.o ABSOLUTE
    ../clib/microlib/stdio/streams.c         0x00000000   Number         0  stdout.o ABSOLUTE
    ../clib/microlib/string/memcpy.c         0x00000000   Number         0  memcpya.o ABSOLUTE
    ../clib/microlib/string/memcpy.c         0x00000000   Number         0  memcpyb.o ABSOLUTE
    ../clib/microlib/string/memset.c         0x00000000   Number         0  memseta.o ABSOLUTE
    ../clib/microlib/stubs.s                 0x00000000   Number         0  iusefp.o ABSOLUTE
    ../fplib/microlib/fpadd.c                0x00000000   Number         0  dadd.o ABSOLUTE
    ../fplib/microlib/fpdiv.c                0x00000000   Number         0  ddiv.o ABSOLUTE
    ../fplib/microlib/fpepilogue.c           0x00000000   Number         0  depilogue.o ABSOLUTE
    ../fplib/microlib/fpfix.c                0x00000000   Number         0  dfixul.o ABSOLUTE
    ../fplib/microlib/fpmul.c                0x00000000   Number         0  dmul.o ABSOLUTE
    ..\CMSIS\core_cm3.c                      0x00000000   Number         0  core_cm3.o ABSOLUTE
    ..\CMSIS\startup\startup_stm32f10x_hd.s  0x00000000   Number         0  startup_stm32f10x_hd.o ABSOLUTE
    ..\CMSIS\system_stm32f10x.c              0x00000000   Number         0  system_stm32f10x.o ABSOLUTE
    ..\FWlib\src\stm32f10x_gpio.c            0x00000000   Number         0  stm32f10x_gpio.o ABSOLUTE
    ..\FWlib\src\stm32f10x_rcc.c             0x00000000   Number         0  stm32f10x_rcc.o ABSOLUTE
    ..\FWlib\src\stm32f10x_usart.c           0x00000000   Number         0  stm32f10x_usart.o ABSOLUTE
    ..\Source\croutine.c                     0x00000000   Number         0  croutine.o ABSOLUTE
    ..\Source\event_groups.c                 0x00000000   Number         0  event_groups.o ABSOLUTE
    ..\Source\list.c                         0x00000000   Number         0  list.o ABSOLUTE
    ..\Source\portable\MemMang\heap_2.c      0x00000000   Number         0  heap_2.o ABSOLUTE
    ..\Source\portable\RVDS\ARM_CM3\port.c   0x00000000   Number         0  port.o ABSOLUTE
    ..\Source\queue.c                        0x00000000   Number         0  queue.o ABSOLUTE
    ..\Source\stream_buffer.c                0x00000000   Number         0  stream_buffer.o ABSOLUTE
    ..\Source\tasks.c                        0x00000000   Number         0  tasks.o ABSOLUTE
    ..\Source\timers.c                       0x00000000   Number         0  timers.o ABSOLUTE
    ..\UART\usart1.c                         0x00000000   Number         0  usart1.o ABSOLUTE
    ..\\CMSIS\\core_cm3.c                    0x00000000   Number         0  core_cm3.o ABSOLUTE
    ..\\Source\\portable\\RVDS\\ARM_CM3\\port.c 0x00000000   Number         0  port.o ABSOLUTE
    cdrcmple.s                               0x00000000   Number         0  cdrcmple.o ABSOLUTE
    dc.s                                     0x00000000   Number         0  dc.o ABSOLUTE
    handlers.s                               0x00000000   Number         0  handlers.o ABSOLUTE
    init.s                                   0x00000000   Number         0  init.o ABSOLUTE
    led.c                                    0x00000000   Number         0  led.o ABSOLUTE
    main.c                                   0x00000000   Number         0  main.o ABSOLUTE
    stm32f10x_it.c                           0x00000000   Number         0  stm32f10x_it.o ABSOLUTE
    user_task.c                              0x00000000   Number         0  user_task.o ABSOLUTE
    RESET                                    0x08000000   Section      304  startup_stm32f10x_hd.o(RESET)
    .ARM.Collect$$$$00000000                 0x08000130   Section        0  entry.o(.ARM.Collect$$$$00000000)
    .ARM.Collect$$$$00000001                 0x08000130   Section        4  entry2.o(.ARM.Collect$$$$00000001)
    .ARM.Collect$$$$00000004                 0x08000134   Section        4  entry5.o(.ARM.Collect$$$$00000004)
    .ARM.Collect$$$$00000008                 0x08000138   Section        0  entry7b.o(.ARM.Collect$$$$00000008)
    .ARM.Collect$$$$0000000A                 0x08000138   Section        0  entry8b.o(.ARM.Collect$$$$0000000A)
    .ARM.Collect$$$$0000000B                 0x08000138   Section        8  entry9a.o(.ARM.Collect$$$$0000000B)
    .ARM.Collect$$$$0000000D                 0x08000140   Section        0  entry10a.o(.ARM.Collect$$$$0000000D)
    .ARM.Collect$$$$0000000F                 0x08000140   Section        0  entry11a.o(.ARM.Collect$$$$0000000F)
    .ARM.Collect$$$$00002712                 0x08000140   Section        4  entry2.o(.ARM.Collect$$$$00002712)
    __lit__00000000                          0x08000140   Data           4  entry2.o(.ARM.Collect$$$$00002712)
    .emb_text                                0x08000144   Section      150  port.o(.emb_text)
    .text                                    0x080001dc   Section       48  startup_stm32f10x_hd.o(.text)
    .text                                    0x0800020c   Section        0  main.o(.text)
    .text                                    0x08000274   Section        0  stm32f10x_it.o(.text)
    .text                                    0x08000288   Section        0  led.o(.text)
    .text                                    0x080002bc   Section        0  user_task.o(.text)
    .text                                    0x08000350   Section        0  usart1.o(.text)
    itoa                                     0x080003e3   Thumb Code    98  usart1.o(.text)
    .text                                    0x08000554   Section        0  stm32f10x_gpio.o(.text)
    .text                                    0x08000884   Section        0  stm32f10x_rcc.o(.text)
    .text                                    0x08000c24   Section        0  stm32f10x_usart.o(.text)
    .text                                    0x08000f94   Section        0  system_stm32f10x.o(.text)
    SetSysClockTo72                          0x08000f95   Thumb Code   220  system_stm32f10x.o(.text)
    SetSysClock                              0x08001071   Thumb Code     8  system_stm32f10x.o(.text)
    .text                                    0x080010cc   Section        0  list.o(.text)
    .text                                    0x08001160   Section        0  tasks.o(.text)
    prvInitialiseTaskLists                   0x08001161   Thumb Code    70  tasks.o(.text)
    prvAddNewTaskToReadyList                 0x080011a7   Thumb Code   150  tasks.o(.text)
    prvInitialiseNewTask                     0x0800123d   Thumb Code   128  tasks.o(.text)
    prvResetNextTaskUnblockTime              0x0800131d   Thumb Code    42  tasks.o(.text)
    prvDeleteTCB                             0x08001347   Thumb Code    18  tasks.o(.text)
    prvAddCurrentTaskToDelayedList           0x08001609   Thumb Code   124  tasks.o(.text)
    prvTaskIsTaskSuspended                   0x0800194d   Thumb Code    56  tasks.o(.text)
    prvCheckTasksWaitingTermination          0x08001ab1   Thumb Code    60  tasks.o(.text)
    prvIdleTask                              0x08001aed   Thumb Code    32  tasks.o(.text)
    .text                                    0x08002108   Section        0  port.o(.text)
    prvTaskExitError                         0x08002109   Thumb Code    22  port.o(.text)
    .text                                    0x080021f8   Section        0  heap_2.o(.text)
    prvHeapInit                              0x080021f9   Thumb Code    42  heap_2.o(.text)
    .text                                    0x0800231c   Section       36  init.o(.text)
    i.__0printf$bare                         0x08002340   Section        0  printfb.o(i.__0printf$bare)
    i.__scatterload_copy                     0x08002350   Section       14  handlers.o(i.__scatterload_copy)
    i.__scatterload_null                     0x0800235e   Section        2  handlers.o(i.__scatterload_null)
    i.__scatterload_zeroinit                 0x08002360   Section       14  handlers.o(i.__scatterload_zeroinit)
    i._printf_core                           0x0800236e   Section        0  printfb.o(i._printf_core)
    _printf_core                             0x0800236f   Thumb Code    34  printfb.o(i._printf_core)
    .data                                    0x20000000   Section        8  main.o(.data)
    .data                                    0x20000008   Section       20  stm32f10x_rcc.o(.data)
    APBAHBPrescTable                         0x20000008   Data          16  stm32f10x_rcc.o(.data)
    ADCPrescTable                            0x20000018   Data           4  stm32f10x_rcc.o(.data)
    .data                                    0x2000001c   Section       60  tasks.o(.data)
    pxDelayedTaskList                        0x20000020   Data           4  tasks.o(.data)
    pxOverflowDelayedTaskList                0x20000024   Data           4  tasks.o(.data)
    uxDeletedTasksWaitingCleanUp             0x20000028   Data           4  tasks.o(.data)
    uxCurrentNumberOfTasks                   0x2000002c   Data           4  tasks.o(.data)
    xTickCount                               0x20000030   Data           4  tasks.o(.data)
    uxTopReadyPriority                       0x20000034   Data           4  tasks.o(.data)
    xSchedulerRunning                        0x20000038   Data           4  tasks.o(.data)
    uxPendedTicks                            0x2000003c   Data           4  tasks.o(.data)
    xYieldPending                            0x20000040   Data           4  tasks.o(.data)
    xNumOfOverflows                          0x20000044   Data           4  tasks.o(.data)
    uxTaskNumber                             0x20000048   Data           4  tasks.o(.data)
    xNextTaskUnblockTime                     0x2000004c   Data           4  tasks.o(.data)
    xIdleTaskHandle                          0x20000050   Data           4  tasks.o(.data)
    uxSchedulerSuspended                     0x20000054   Data           4  tasks.o(.data)
    .data                                    0x20000058   Section        4  port.o(.data)
    uxCriticalNesting                        0x20000058   Data           4  port.o(.data)
    .data                                    0x2000005c   Section       24  heap_2.o(.data)
    xStart                                   0x2000005c   Data           8  heap_2.o(.data)
    xEnd                                     0x20000064   Data           8  heap_2.o(.data)
    xFreeBytesRemaining                      0x2000006c   Data           4  heap_2.o(.data)
    xHeapHasBeenInitialised                  0x20000070   Data           4  heap_2.o(.data)
    .data                                    0x20000074   Section        4  stdout.o(.data)
    .bss                                     0x20000078   Section      200  tasks.o(.bss)
    pxReadyTasksLists                        0x20000078   Data         100  tasks.o(.bss)
    xDelayedTaskList1                        0x200000dc   Data          20  tasks.o(.bss)
    xDelayedTaskList2                        0x200000f0   Data          20  tasks.o(.bss)
    xPendingReadyList                        0x20000104   Data          20  tasks.o(.bss)
    xTasksWaitingTermination                 0x20000118   Data          20  tasks.o(.bss)
    xSuspendedTaskList                       0x2000012c   Data          20  tasks.o(.bss)
    .bss                                     0x20000140   Section    17408  heap_2.o(.bss)
    ucHeap                                   0x20000140   Data       17408  heap_2.o(.bss)
    STACK                                    0x20004540   Section      512  startup_stm32f10x_hd.o(STACK)

    Global Symbols

    Symbol Name                              Value     Ov Type        Size  Object(Section)

    BuildAttributes$$THM_ISAv4$P$D$K$B$S$PE$A:L22UL41UL21$X:L11$S22US41US21$IEEE1$IW$USESV6$~STKCKD$USESV7$~SHL$OSPACE$ROPI$EBA8$MICROLIB$REQ8$PRES8$EABIv2 0x00000000   Number         0  anon$$obj.o ABSOLUTE
    __ARM_use_no_argv                        0x00000000   Number         0  main.o ABSOLUTE
    __cpp_initialize__aeabi_                  - Undefined Weak Reference
    __cxa_finalize                            - Undefined Weak Reference
    __decompress                              - Undefined Weak Reference
    _clock_init                               - Undefined Weak Reference
    _microlib_exit                            - Undefined Weak Reference
    __Vectors_Size                           0x00000130   Number         0  startup_stm32f10x_hd.o ABSOLUTE
    __Vectors                                0x08000000   Data           4  startup_stm32f10x_hd.o(RESET)
    __Vectors_End                            0x08000130   Data           0  startup_stm32f10x_hd.o(RESET)
    __main                                   0x08000131   Thumb Code     0  entry.o(.ARM.Collect$$$$00000000)
    _main_stk                                0x08000131   Thumb Code     0  entry2.o(.ARM.Collect$$$$00000001)
    _main_scatterload                        0x08000135   Thumb Code     0  entry5.o(.ARM.Collect$$$$00000004)
    __main_after_scatterload                 0x08000139   Thumb Code     0  entry5.o(.ARM.Collect$$$$00000004)
    _main_clock                              0x08000139   Thumb Code     0  entry7b.o(.ARM.Collect$$$$00000008)
    _main_cpp_init                           0x08000139   Thumb Code     0  entry8b.o(.ARM.Collect$$$$0000000A)
    _main_init                               0x08000139   Thumb Code     0  entry9a.o(.ARM.Collect$$$$0000000B)
    __rt_final_cpp                           0x08000141   Thumb Code     0  entry10a.o(.ARM.Collect$$$$0000000D)
    __rt_final_exit                          0x08000141   Thumb Code     0  entry11a.o(.ARM.Collect$$$$0000000F)
    SVC_Handler                              0x08000145   Thumb Code    32  port.o(.emb_text)
    __asm___6_port_c_39a90d8d__prvStartFirstTask 0x08000169   Thumb Code    28  port.o(.emb_text)
    PendSV_Handler                           0x08000189   Thumb Code    72  port.o(.emb_text)
    vPortGetIPSR                             0x080001d5   Thumb Code     6  port.o(.emb_text)
    SystemInit_ExtMemCtl                     0x080001dd   Thumb Code     2  startup_stm32f10x_hd.o(.text)
    Reset_Handler                            0x080001df   Thumb Code    14  startup_stm32f10x_hd.o(.text)
    ADC1_2_IRQHandler                        0x080001ff   Thumb Code     0  startup_stm32f10x_hd.o(.text)
    ADC3_IRQHandler                          0x080001ff   Thumb Code     0  startup_stm32f10x_hd.o(.text)
    CAN1_RX1_IRQHandler                      0x080001ff   Thumb Code     0  startup_stm32f10x_hd.o(.text)
    CAN1_SCE_IRQHandler                      0x080001ff   Thumb Code     0  startup_stm32f10x_hd.o(.text)
    DMA1_Channel1_IRQHandler                 0x080001ff   Thumb Code     0  startup_stm32f10x_hd.o(.text)
    DMA1_Channel2_IRQHandler                 0x080001ff   Thumb Code     0  startup_stm32f10x_hd.o(.text)
    DMA1_Channel3_IRQHandler                 0x080001ff   Thumb Code     0  startup_stm32f10x_hd.o(.text)
    DMA1_Channel4_IRQHandler                 0x080001ff   Thumb Code     0  startup_stm32f10x_hd.o(.text)
    DMA1_Channel5_IRQHandler                 0x080001ff   Thumb Code     0  startup_stm32f10x_hd.o(.text)
    DMA1_Channel6_IRQHandler                 0x080001ff   Thumb Code     0  startup_stm32f10x_hd.o(.text)
    DMA1_Channel7_IRQHandler                 0x080001ff   Thumb Code     0  startup_stm32f10x_hd.o(.text)
    DMA2_Channel1_IRQHandler                 0x080001ff   Thumb Code     0  startup_stm32f10x_hd.o(.text)
    DMA2_Channel2_IRQHandler                 0x080001ff   Thumb Code     0  startup_stm32f10x_hd.o(.text)
    DMA2_Channel3_IRQHandler                 0x080001ff   Thumb Code     0  startup_stm32f10x_hd.o(.text)
    DMA2_Channel4_5_IRQHandler               0x080001ff   Thumb Code     0  startup_stm32f10x_hd.o(.text)
    EXTI0_IRQHandler                         0x080001ff   Thumb Code     0  startup_stm32f10x_hd.o(.text)
    EXTI15_10_IRQHandler                     0x080001ff   Thumb Code     0  startup_stm32f10x_hd.o(.text)
    EXTI1_IRQHandler                         0x080001ff   Thumb Code     0  startup_stm32f10x_hd.o(.text)
    EXTI2_IRQHandler                         0x080001ff   Thumb Code     0  startup_stm32f10x_hd.o(.text)
    EXTI3_IRQHandler                         0x080001ff   Thumb Code     0  startup_stm32f10x_hd.o(.text)
    EXTI4_IRQHandler                         0x080001ff   Thumb Code     0  startup_stm32f10x_hd.o(.text)
    EXTI9_5_IRQHandler                       0x080001ff   Thumb Code     0  startup_stm32f10x_hd.o(.text)
    FLASH_IRQHandler                         0x080001ff   Thumb Code     0  startup_stm32f10x_hd.o(.text)
    FSMC_IRQHandler                          0x080001ff   Thumb Code     0  startup_stm32f10x_hd.o(.text)
    I2C1_ER_IRQHandler                       0x080001ff   Thumb Code     0  startup_stm32f10x_hd.o(.text)
    I2C1_EV_IRQHandler                       0x080001ff   Thumb Code     0  startup_stm32f10x_hd.o(.text)
    I2C2_ER_IRQHandler                       0x080001ff   Thumb Code     0  startup_stm32f10x_hd.o(.text)
    I2C2_EV_IRQHandler                       0x080001ff   Thumb Code     0  startup_stm32f10x_hd.o(.text)
    PVD_IRQHandler                           0x080001ff   Thumb Code     0  startup_stm32f10x_hd.o(.text)
    RCC_IRQHandler                           0x080001ff   Thumb Code     0  startup_stm32f10x_hd.o(.text)
    RTCAlarm_IRQHandler                      0x080001ff   Thumb Code     0  startup_stm32f10x_hd.o(.text)
    RTC_IRQHandler                           0x080001ff   Thumb Code     0  startup_stm32f10x_hd.o(.text)
    SDIO_IRQHandler                          0x080001ff   Thumb Code     0  startup_stm32f10x_hd.o(.text)
    SPI1_IRQHandler                          0x080001ff   Thumb Code     0  startup_stm32f10x_hd.o(.text)
    SPI2_IRQHandler                          0x080001ff   Thumb Code     0  startup_stm32f10x_hd.o(.text)
    SPI3_IRQHandler                          0x080001ff   Thumb Code     0  startup_stm32f10x_hd.o(.text)
    TAMPER_IRQHandler                        0x080001ff   Thumb Code     0  startup_stm32f10x_hd.o(.text)
    TIM1_BRK_IRQHandler                      0x080001ff   Thumb Code     0  startup_stm32f10x_hd.o(.text)
    TIM1_CC_IRQHandler                       0x080001ff   Thumb Code     0  startup_stm32f10x_hd.o(.text)
    TIM1_TRG_COM_IRQHandler                  0x080001ff   Thumb Code     0  startup_stm32f10x_hd.o(.text)
    TIM1_UP_IRQHandler                       0x080001ff   Thumb Code     0  startup_stm32f10x_hd.o(.text)
    TIM2_IRQHandler                          0x080001ff   Thumb Code     0  startup_stm32f10x_hd.o(.text)
    TIM3_IRQHandler                          0x080001ff   Thumb Code     0  startup_stm32f10x_hd.o(.text)
    TIM4_IRQHandler                          0x080001ff   Thumb Code     0  startup_stm32f10x_hd.o(.text)
    TIM5_IRQHandler                          0x080001ff   Thumb Code     0  startup_stm32f10x_hd.o(.text)
    TIM6_IRQHandler                          0x080001ff   Thumb Code     0  startup_stm32f10x_hd.o(.text)
    TIM7_IRQHandler                          0x080001ff   Thumb Code     0  startup_stm32f10x_hd.o(.text)
    TIM8_BRK_IRQHandler                      0x080001ff   Thumb Code     0  startup_stm32f10x_hd.o(.text)
    TIM8_CC_IRQHandler                       0x080001ff   Thumb Code     0  startup_stm32f10x_hd.o(.text)
    TIM8_TRG_COM_IRQHandler                  0x080001ff   Thumb Code     0  startup_stm32f10x_hd.o(.text)
    TIM8_UP_IRQHandler                       0x080001ff   Thumb Code     0  startup_stm32f10x_hd.o(.text)
    UART4_IRQHandler                         0x080001ff   Thumb Code     0  startup_stm32f10x_hd.o(.text)
    UART5_IRQHandler                         0x080001ff   Thumb Code     0  startup_stm32f10x_hd.o(.text)
    USART1_IRQHandler                        0x080001ff   Thumb Code     0  startup_stm32f10x_hd.o(.text)
    USART2_IRQHandler                        0x080001ff   Thumb Code     0  startup_stm32f10x_hd.o(.text)
    USART3_IRQHandler                        0x080001ff   Thumb Code     0  startup_stm32f10x_hd.o(.text)
    USBWakeUp_IRQHandler                     0x080001ff   Thumb Code     0  startup_stm32f10x_hd.o(.text)
    USB_HP_CAN1_TX_IRQHandler                0x080001ff   Thumb Code     0  startup_stm32f10x_hd.o(.text)
    USB_LP_CAN1_RX0_IRQHandler               0x080001ff   Thumb Code     0  startup_stm32f10x_hd.o(.text)
    WWDG_IRQHandler                          0x080001ff   Thumb Code     0  startup_stm32f10x_hd.o(.text)
    main                                     0x0800020d   Thumb Code    62  main.o(.text)
    NMI_Handler                              0x08000275   Thumb Code     2  stm32f10x_it.o(.text)
    HardFault_Handler                        0x08000277   Thumb Code     4  stm32f10x_it.o(.text)
    MemManage_Handler                        0x0800027b   Thumb Code     4  stm32f10x_it.o(.text)
    BusFault_Handler                         0x0800027f   Thumb Code     4  stm32f10x_it.o(.text)
    UsageFault_Handler                       0x08000283   Thumb Code     4  stm32f10x_it.o(.text)
    DebugMon_Handler                         0x08000287   Thumb Code     2  stm32f10x_it.o(.text)
    LED_GPIO_Config                          0x08000289   Thumb Code    46  led.o(.text)
    Delay                                    0x080002bd   Thumb Code    18  user_task.o(.text)
    user_task1                               0x080002cf   Thumb Code    40  user_task.o(.text)
    user_task2                               0x080002f7   Thumb Code    38  user_task.o(.text)
    USART1_Config                            0x08000351   Thumb Code   114  usart1.o(.text)
    fputc                                    0x080003c3   Thumb Code    32  usart1.o(.text)
    USART1_printf                            0x08000445   Thumb Code   262  usart1.o(.text)
    GPIO_DeInit                              0x08000555   Thumb Code   188  stm32f10x_gpio.o(.text)
    GPIO_AFIODeInit                          0x08000611   Thumb Code    20  stm32f10x_gpio.o(.text)
    GPIO_Init                                0x08000625   Thumb Code   278  stm32f10x_gpio.o(.text)
    GPIO_StructInit                          0x0800073b   Thumb Code    16  stm32f10x_gpio.o(.text)
    GPIO_ReadInputDataBit                    0x0800074b   Thumb Code    18  stm32f10x_gpio.o(.text)
    GPIO_ReadInputData                       0x0800075d   Thumb Code     8  stm32f10x_gpio.o(.text)
    GPIO_ReadOutputDataBit                   0x08000765   Thumb Code    18  stm32f10x_gpio.o(.text)
    GPIO_ReadOutputData                      0x08000777   Thumb Code     8  stm32f10x_gpio.o(.text)
    GPIO_SetBits                             0x0800077f   Thumb Code     4  stm32f10x_gpio.o(.text)
    GPIO_ResetBits                           0x08000783   Thumb Code     4  stm32f10x_gpio.o(.text)
    GPIO_WriteBit                            0x08000787   Thumb Code    10  stm32f10x_gpio.o(.text)
    GPIO_Write                               0x08000791   Thumb Code     4  stm32f10x_gpio.o(.text)
    GPIO_PinLockConfig                       0x08000795   Thumb Code    18  stm32f10x_gpio.o(.text)
    GPIO_EventOutputConfig                   0x080007a7   Thumb Code    26  stm32f10x_gpio.o(.text)
    GPIO_EventOutputCmd                      0x080007c1   Thumb Code     6  stm32f10x_gpio.o(.text)
    GPIO_PinRemapConfig                      0x080007c7   Thumb Code   106  stm32f10x_gpio.o(.text)
    GPIO_EXTILineConfig                      0x08000831   Thumb Code    66  stm32f10x_gpio.o(.text)
    RCC_DeInit                               0x08000885   Thumb Code    62  stm32f10x_rcc.o(.text)
    RCC_HSEConfig                            0x080008c3   Thumb Code    70  stm32f10x_rcc.o(.text)
    RCC_GetFlagStatus                        0x08000909   Thumb Code    56  stm32f10x_rcc.o(.text)
    RCC_WaitForHSEStartUp                    0x08000941   Thumb Code    54  stm32f10x_rcc.o(.text)
    RCC_AdjustHSICalibrationValue            0x08000977   Thumb Code    20  stm32f10x_rcc.o(.text)
    RCC_HSICmd                               0x0800098b   Thumb Code     6  stm32f10x_rcc.o(.text)
    RCC_PLLConfig                            0x08000991   Thumb Code    24  stm32f10x_rcc.o(.text)
    RCC_PLLCmd                               0x080009a9   Thumb Code     6  stm32f10x_rcc.o(.text)
    RCC_SYSCLKConfig                         0x080009af   Thumb Code    18  stm32f10x_rcc.o(.text)
    RCC_GetSYSCLKSource                      0x080009c1   Thumb Code    10  stm32f10x_rcc.o(.text)
    RCC_HCLKConfig                           0x080009cb   Thumb Code    18  stm32f10x_rcc.o(.text)
    RCC_PCLK1Config                          0x080009dd   Thumb Code    18  stm32f10x_rcc.o(.text)
    RCC_PCLK2Config                          0x080009ef   Thumb Code    20  stm32f10x_rcc.o(.text)
    RCC_ITConfig                             0x08000a03   Thumb Code    26  stm32f10x_rcc.o(.text)
    RCC_USBCLKConfig                         0x08000a1d   Thumb Code     8  stm32f10x_rcc.o(.text)
    RCC_ADCCLKConfig                         0x08000a25   Thumb Code    18  stm32f10x_rcc.o(.text)
    RCC_LSEConfig                            0x08000a37   Thumb Code    50  stm32f10x_rcc.o(.text)
    RCC_LSICmd                               0x08000a69   Thumb Code     6  stm32f10x_rcc.o(.text)
    RCC_RTCCLKConfig                         0x08000a6f   Thumb Code    12  stm32f10x_rcc.o(.text)
    RCC_RTCCLKCmd                            0x08000a7b   Thumb Code     8  stm32f10x_rcc.o(.text)
    RCC_GetClocksFreq                        0x08000a83   Thumb Code   192  stm32f10x_rcc.o(.text)
    RCC_AHBPeriphClockCmd                    0x08000b43   Thumb Code    26  stm32f10x_rcc.o(.text)
    RCC_APB2PeriphClockCmd                   0x08000b5d   Thumb Code    26  stm32f10x_rcc.o(.text)
    RCC_APB1PeriphClockCmd                   0x08000b77   Thumb Code    26  stm32f10x_rcc.o(.text)
    RCC_APB2PeriphResetCmd                   0x08000b91   Thumb Code    26  stm32f10x_rcc.o(.text)
    RCC_APB1PeriphResetCmd                   0x08000bab   Thumb Code    26  stm32f10x_rcc.o(.text)
    RCC_BackupResetCmd                       0x08000bc5   Thumb Code     8  stm32f10x_rcc.o(.text)
    RCC_ClockSecuritySystemCmd               0x08000bcd   Thumb Code     6  stm32f10x_rcc.o(.text)
    RCC_MCOConfig                            0x08000bd3   Thumb Code     6  stm32f10x_rcc.o(.text)
    RCC_ClearFlag                            0x08000bd9   Thumb Code    14  stm32f10x_rcc.o(.text)
    RCC_GetITStatus                          0x08000be7   Thumb Code    20  stm32f10x_rcc.o(.text)
    RCC_ClearITPendingBit                    0x08000bfb   Thumb Code     6  stm32f10x_rcc.o(.text)
    USART_DeInit                             0x08000c25   Thumb Code   146  stm32f10x_usart.o(.text)
    USART_Init                               0x08000cb7   Thumb Code   150  stm32f10x_usart.o(.text)
    USART_StructInit                         0x08000d4d   Thumb Code    24  stm32f10x_usart.o(.text)
    USART_ClockInit                          0x08000d65   Thumb Code    34  stm32f10x_usart.o(.text)
    USART_ClockStructInit                    0x08000d87   Thumb Code    12  stm32f10x_usart.o(.text)
    USART_Cmd                                0x08000d93   Thumb Code    24  stm32f10x_usart.o(.text)
    USART_ITConfig                           0x08000dab   Thumb Code    64  stm32f10x_usart.o(.text)
    USART_DMACmd                             0x08000deb   Thumb Code    18  stm32f10x_usart.o(.text)
    USART_SetAddress                         0x08000dfd   Thumb Code    18  stm32f10x_usart.o(.text)
    USART_WakeUpConfig                       0x08000e0f   Thumb Code    18  stm32f10x_usart.o(.text)
    USART_ReceiverWakeUpCmd                  0x08000e21   Thumb Code    24  stm32f10x_usart.o(.text)
    USART_LINBreakDetectLengthConfig         0x08000e39   Thumb Code    18  stm32f10x_usart.o(.text)
    USART_LINCmd                             0x08000e4b   Thumb Code    24  stm32f10x_usart.o(.text)
    USART_SendData                           0x08000e63   Thumb Code     8  stm32f10x_usart.o(.text)
    USART_ReceiveData                        0x08000e6b   Thumb Code    10  stm32f10x_usart.o(.text)
    USART_SendBreak                          0x08000e75   Thumb Code    10  stm32f10x_usart.o(.text)
    USART_SetGuardTime                       0x08000e7f   Thumb Code    16  stm32f10x_usart.o(.text)
    USART_SetPrescaler                       0x08000e8f   Thumb Code    16  stm32f10x_usart.o(.text)
    USART_SmartCardCmd                       0x08000e9f   Thumb Code    24  stm32f10x_usart.o(.text)
    USART_SmartCardNACKCmd                   0x08000eb7   Thumb Code    24  stm32f10x_usart.o(.text)
    USART_HalfDuplexCmd                      0x08000ecf   Thumb Code    24  stm32f10x_usart.o(.text)
    USART_IrDAConfig                         0x08000ee7   Thumb Code    18  stm32f10x_usart.o(.text)
    USART_IrDACmd                            0x08000ef9   Thumb Code    24  stm32f10x_usart.o(.text)
    USART_GetFlagStatus                      0x08000f11   Thumb Code    18  stm32f10x_usart.o(.text)
    USART_ClearFlag                          0x08000f23   Thumb Code     6  stm32f10x_usart.o(.text)
    USART_GetITStatus                        0x08000f29   Thumb Code    76  stm32f10x_usart.o(.text)
    USART_ClearITPendingBit                  0x08000f75   Thumb Code    20  stm32f10x_usart.o(.text)
    SystemInit                               0x08001079   Thumb Code    68  system_stm32f10x.o(.text)
    vListInitialise                          0x080010cd   Thumb Code    26  list.o(.text)
    vListInitialiseItem                      0x080010e7   Thumb Code     6  list.o(.text)
    vListInsertEnd                           0x080010ed   Thumb Code    24  list.o(.text)
    vListInsert                              0x08001105   Thumb Code    52  list.o(.text)
    uxListRemove                             0x08001139   Thumb Code    40  list.o(.text)
    xTaskCreate                              0x080012bd   Thumb Code    96  tasks.o(.text)
    vTaskDelete                              0x08001359   Thumb Code   166  tasks.o(.text)
    xTaskIncrementTick                       0x080013ff   Thumb Code   238  tasks.o(.text)
    xTaskResumeAll                           0x080014ed   Thumb Code   284  tasks.o(.text)
    vTaskSuspendAll                          0x08001685   Thumb Code    12  tasks.o(.text)
    vTaskDelayUntil                          0x08001691   Thumb Code   106  tasks.o(.text)
    vTaskDelay                               0x080016fb   Thumb Code    46  tasks.o(.text)
    uxTaskPriorityGet                        0x08001729   Thumb Code    30  tasks.o(.text)
    uxTaskPriorityGetFromISR                 0x08001747   Thumb Code    52  tasks.o(.text)
    vTaskPrioritySet                         0x0800177b   Thumb Code   216  tasks.o(.text)
    vTaskSwitchContext                       0x08001853   Thumb Code    76  tasks.o(.text)
    vTaskSuspend                             0x0800189f   Thumb Code   174  tasks.o(.text)
    vTaskResume                              0x08001985   Thumb Code   170  tasks.o(.text)
    xTaskResumeFromISR                       0x08001a2f   Thumb Code   130  tasks.o(.text)
    vTaskStartScheduler                      0x08001b0d   Thumb Code    72  tasks.o(.text)
    vTaskEndScheduler                        0x08001b55   Thumb Code    32  tasks.o(.text)
    xTaskGetTickCount                        0x08001b75   Thumb Code     6  tasks.o(.text)
    xTaskGetTickCountFromISR                 0x08001b7b   Thumb Code     8  tasks.o(.text)
    uxTaskGetNumberOfTasks                   0x08001b83   Thumb Code     6  tasks.o(.text)
    pcTaskGetName                            0x08001b89   Thumb Code    20  tasks.o(.text)
    vTaskPlaceOnEventList                    0x08001b9d   Thumb Code    28  tasks.o(.text)
    vTaskPlaceOnUnorderedEventList           0x08001bb9   Thumb Code    40  tasks.o(.text)
    xTaskRemoveFromEventList                 0x08001be1   Thumb Code   104  tasks.o(.text)
    vTaskRemoveFromUnorderedEventList        0x08001c49   Thumb Code    82  tasks.o(.text)
    vTaskSetTimeOutState                     0x08001c9b   Thumb Code    26  tasks.o(.text)
    vTaskInternalSetTimeOutState             0x08001cb5   Thumb Code    14  tasks.o(.text)
    xTaskCheckForTimeOut                     0x08001cc3   Thumb Code    84  tasks.o(.text)
    vTaskMissedYield                         0x08001d17   Thumb Code     8  tasks.o(.text)
    xTaskGetCurrentTaskHandle                0x08001d1f   Thumb Code     6  tasks.o(.text)
    uxTaskResetEventItemValue                0x08001d25   Thumb Code    24  tasks.o(.text)
    ulTaskNotifyTake                         0x08001d3d   Thumb Code   108  tasks.o(.text)
    xTaskNotifyWait                          0x08001da9   Thumb Code   226  tasks.o(.text)
    xTaskGenericNotify                       0x08001e8b   Thumb Code   180  tasks.o(.text)
    xTaskGenericNotifyFromISR                0x08001f3f   Thumb Code   228  tasks.o(.text)
    vTaskNotifyGiveFromISR                   0x08002023   Thumb Code   152  tasks.o(.text)
    xTaskNotifyStateClear                    0x080020bb   Thumb Code    48  tasks.o(.text)
    pxPortInitialiseStack                    0x0800211f   Thumb Code    30  port.o(.text)
    vPortSetupTimerInterrupt                 0x0800213d   Thumb Code    20  port.o(.text)
    xPortStartScheduler                      0x08002151   Thumb Code    42  port.o(.text)
    vPortEndScheduler                        0x0800217b   Thumb Code     2  port.o(.text)
    vPortEnterCritical                       0x0800217d   Thumb Code    30  port.o(.text)
    vPortExitCritical                        0x0800219b   Thumb Code    28  port.o(.text)
    SysTick_Handler                          0x080021b7   Thumb Code    48  port.o(.text)
    pvPortMalloc                             0x08002223   Thumb Code   166  heap_2.o(.text)
    vPortFree                                0x080022c9   Thumb Code    56  heap_2.o(.text)
    xPortGetFreeHeapSize                     0x08002301   Thumb Code     6  heap_2.o(.text)
    vPortInitialiseBlocks                    0x08002307   Thumb Code     2  heap_2.o(.text)
    __scatterload                            0x0800231d   Thumb Code    28  init.o(.text)
    __scatterload_rt2                        0x0800231d   Thumb Code     0  init.o(.text)
    __0printf$bare                           0x08002341   Thumb Code     8  printfb.o(i.__0printf$bare)
    __1printf$bare                           0x08002341   Thumb Code     0  printfb.o(i.__0printf$bare)
    __2printf                                0x08002341   Thumb Code     0  printfb.o(i.__0printf$bare)
    __scatterload_copy                       0x08002351   Thumb Code    14  handlers.o(i.__scatterload_copy)
    __scatterload_null                       0x0800235f   Thumb Code     2  handlers.o(i.__scatterload_null)
    __scatterload_zeroinit                   0x08002361   Thumb Code    14  handlers.o(i.__scatterload_zeroinit)
    Region$$Table$$Base                      0x08002390   Number         0  anon$$obj.o(Region$$Table)
    Region$$Table$$Limit                     0x080023b0   Number         0  anon$$obj.o(Region$$Table)
    user_task1_handler                       0x20000000   Data           4  main.o(.data)
    user_task2_handler                       0x20000004   Data           4  main.o(.data)
    pxCurrentTCB                             0x2000001c   Data           4  tasks.o(.data)
    __stdout                                 0x20000074   Data           4  stdout.o(.data)
    __initial_sp                             0x20004740   Data           0  startup_stm32f10x_hd.o(STACK)



==============================================================================

Memory Map of the image

  Image Entry point : 0x080001df

  Load Region LR_1 (Base: 0x08000000, Size: 0x00002428, Max: 0xffffffff, ABSOLUTE)

    Execution Region ER_RO (Exec base: 0x08000000, Load base: 0x08000000, Size: 0x000023b0, Max: 0xffffffff, ABSOLUTE)

    Exec Addr    Load Addr    Size         Type   Attr      Idx    E Section Name        Object

    0x08000000   0x08000000   0x00000130   Data   RO            3    RESET               startup_stm32f10x_hd.o
    0x08000130   0x08000130   0x00000000   Code   RO          414  * .ARM.Collect$$$$00000000  mc_w.l(entry.o)
    0x08000130   0x08000130   0x00000004   Code   RO          683    .ARM.Collect$$$$00000001  mc_w.l(entry2.o)
    0x08000134   0x08000134   0x00000004   Code   RO          686    .ARM.Collect$$$$00000004  mc_w.l(entry5.o)
    0x08000138   0x08000138   0x00000000   Code   RO          688    .ARM.Collect$$$$00000008  mc_w.l(entry7b.o)
    0x08000138   0x08000138   0x00000000   Code   RO          690    .ARM.Collect$$$$0000000A  mc_w.l(entry8b.o)
    0x08000138   0x08000138   0x00000008   Code   RO          691    .ARM.Collect$$$$0000000B  mc_w.l(entry9a.o)
    0x08000140   0x08000140   0x00000000   Code   RO          693    .ARM.Collect$$$$0000000D  mc_w.l(entry10a.o)
    0x08000140   0x08000140   0x00000000   Code   RO          695    .ARM.Collect$$$$0000000F  mc_w.l(entry11a.o)
    0x08000140   0x08000140   0x00000004   Code   RO          684    .ARM.Collect$$$$00002712  mc_w.l(entry2.o)
    0x08000144   0x08000144   0x00000096   Code   RO          369    .emb_text           port.o
    0x080001da   0x080001da   0x00000002   PAD
    0x080001dc   0x080001dc   0x00000030   Code   RO            4  * .text               startup_stm32f10x_hd.o
    0x0800020c   0x0800020c   0x00000068   Code   RO           10    .text               main.o
    0x08000274   0x08000274   0x00000014   Code   RO           88    .text               stm32f10x_it.o
    0x08000288   0x08000288   0x00000034   Code   RO          103    .text               led.o
    0x080002bc   0x080002bc   0x00000094   Code   RO          115    .text               user_task.o
    0x08000350   0x08000350   0x00000204   Code   RO          133    .text               usart1.o
    0x08000554   0x08000554   0x00000330   Code   RO          155    .text               stm32f10x_gpio.o
    0x08000884   0x08000884   0x000003a0   Code   RO          167    .text               stm32f10x_rcc.o
    0x08000c24   0x08000c24   0x00000370   Code   RO          181    .text               stm32f10x_usart.o
    0x08000f94   0x08000f94   0x00000138   Code   RO          203    .text               system_stm32f10x.o
    0x080010cc   0x080010cc   0x00000094   Code   RO          269    .text               list.o
    0x08001160   0x08001160   0x00000fa8   Code   RO          329    .text               tasks.o
    0x08002108   0x08002108   0x000000f0   Code   RO          370    .text               port.o
    0x080021f8   0x080021f8   0x00000124   Code   RO          399    .text               heap_2.o
    0x0800231c   0x0800231c   0x00000024   Code   RO          713    .text               mc_w.l(init.o)
    0x08002340   0x08002340   0x00000010   Code   RO          424    i.__0printf$bare    mc_w.l(printfb.o)
    0x08002350   0x08002350   0x0000000e   Code   RO          725    i.__scatterload_copy  mc_w.l(handlers.o)
    0x0800235e   0x0800235e   0x00000002   Code   RO          726    i.__scatterload_null  mc_w.l(handlers.o)
    0x08002360   0x08002360   0x0000000e   Code   RO          727    i.__scatterload_zeroinit  mc_w.l(handlers.o)
    0x0800236e   0x0800236e   0x00000022   Code   RO          431    i._printf_core      mc_w.l(printfb.o)
    0x08002390   0x08002390   0x00000020   Data   RO          723    Region$$Table       anon$$obj.o


    Execution Region ER_RW (Exec base: 0x20000000, Load base: 0x080023b0, Size: 0x00000078, Max: 0xffffffff, ABSOLUTE)

    Exec Addr    Load Addr    Size         Type   Attr      Idx    E Section Name        Object

    0x20000000   0x080023b0   0x00000008   Data   RW           11    .data               main.o
    0x20000008   0x080023b8   0x00000014   Data   RW          168    .data               stm32f10x_rcc.o
    0x2000001c   0x080023cc   0x0000003c   Data   RW          331    .data               tasks.o
    0x20000058   0x08002408   0x00000004   Data   RW          371    .data               port.o
    0x2000005c   0x0800240c   0x00000018   Data   RW          401    .data               heap_2.o
    0x20000074   0x08002424   0x00000004   Data   RW          697    .data               mc_w.l(stdout.o)


    Execution Region ER_ZI (Exec base: 0x20000078, Load base: 0x08002428, Size: 0x000046c8, Max: 0xffffffff, ABSOLUTE)

    Exec Addr    Load Addr    Size         Type   Attr      Idx    E Section Name        Object

    0x20000078        -       0x000000c8   Zero   RW          330    .bss                tasks.o
    0x20000140        -       0x00004400   Zero   RW          400    .bss                heap_2.o
    0x20004540        -       0x00000200   Zero   RW            1    STACK               startup_stm32f10x_hd.o


==============================================================================

Image component sizes


      Code (inc. data)   RO Data    RW Data    ZI Data      Debug   Object Name

         0          0          0          0          0       1472   event_groups.o
       292         20          0         24      17408       3064   heap_2.o
        52          6          0          0          0        442   led.o
       148          0          0          0          0       1774   list.o
       104         42          0          8          0     228235   main.o
       390         30          0          4          0       6804   port.o
        48         12        304          0        512        864   startup_stm32f10x_hd.o
       816         18          0          0          0       5147   stm32f10x_gpio.o
        20          0          0          0          0        883   stm32f10x_it.o
       928         36          0         20          0       8756   stm32f10x_rcc.o
       880         12          0          0          0       7771   stm32f10x_usart.o
       312         16          0          0          0       1117   system_stm32f10x.o
      4008        258          0         60        200      27006   tasks.o
       516         10          0          0          0      10560   usart1.o
       148         52          0          0          0       1102   user_task.o

    ----------------------------------------------------------------------
      8664        512        336        116      18120     304997   Object Totals
         0          0         32          0          0          0   (incl. Generated)
         2          0          0          0          0          0   (incl. Padding)

    ----------------------------------------------------------------------

      Code (inc. data)   RO Data    RW Data    ZI Data      Debug   Library Member Name

         0          0          0          0          0          0   entry.o
         0          0          0          0          0          0   entry10a.o
         0          0          0          0          0          0   entry11a.o
         8          4          0          0          0          0   entry2.o
         4          0          0          0          0          0   entry5.o
         0          0          0          0          0          0   entry7b.o
         0          0          0          0          0          0   entry8b.o
         8          4          0          0          0          0   entry9a.o
        30          0          0          0          0          0   handlers.o
        36          8          0          0          0         68   init.o
        50          8          0          0          0        152   printfb.o
         0          0          0          4          0          0   stdout.o

    ----------------------------------------------------------------------
       136         24          0          4          0        220   Library Totals
         0          0          0          0          0          0   (incl. Padding)

    ----------------------------------------------------------------------

      Code (inc. data)   RO Data    RW Data    ZI Data      Debug   Library Name

       136         24          0          4          0        220   mc_w.l

    ----------------------------------------------------------------------
       136         24          0          4          0        220   Library Totals

    ----------------------------------------------------------------------

==============================================================================


      Code (inc. data)   RO Data    RW Data    ZI Data      Debug   

      8800        536        336        120      18120     303965   Grand Totals
      8800        536        336        120      18120     303965   ELF Image Totals
      8800        536        336        120          0          0   ROM Totals

==============================================================================

    Total RO  Size (Code + RO Data)                 9136 (   8.92kB)
    Total RW  Size (RW Data + ZI Data)             18240 (  17.81kB)
    Total ROM Size (Code + RO Data + RW Data)       9256 (   9.04kB)

==============================================================================

